Microchip Technology Inc, v1.26 (A)

Tool Name:
  /opt/microchip/xc16/v1.26/bin/bin/../bin/elf-ld

Command:
  -p30F4011 \
  -o \
  dist/default/production/teste.X.production.elf \
  -L/opt/microchip/xc16/v1.26/bin/bin/.. \
  -L/opt/microchip/xc16/v1.26/bin/bin/../../lib \
  -L/opt/microchip/xc16/v1.26/bin/bin/../../lib/PIC24E \
  -L/opt/microchip/xc16/v1.26/bin/bin/../../support/PIC24E/gld \
  -L/opt/microchip/xc16/v1.26/bin/bin/../../lib/PIC24F \
  -L/opt/microchip/xc16/v1.26/bin/bin/../../support/PIC24F/gld \
  -L/opt/microchip/xc16/v1.26/bin/bin/../../lib/PIC24H \
  -L/opt/microchip/xc16/v1.26/bin/bin/../../support/PIC24H/gld \
  -L/opt/microchip/xc16/v1.26/bin/bin/../../lib/dsPIC30F \
  -L/opt/microchip/xc16/v1.26/bin/bin/../../support/dsPIC30F/gld \
  -L/opt/microchip/xc16/v1.26/bin/bin/../../lib/dsPIC33E \
  -L/opt/microchip/xc16/v1.26/bin/bin/../../support/dsPIC33E/gld \
  -L/opt/microchip/xc16/v1.26/bin/bin/../../lib/dsPIC33F \
  -L/opt/microchip/xc16/v1.26/bin/bin/../../support/dsPIC33F/gld \
  build/default/production/newmain1222.o \
  --defsym=__MPLAB_BUILD=1 \
  -Tp30F4011.gld.00 \
  --stack=16 \
  --check-sections \
  --data-init \
  --pack-data \
  --handles \
  --isr \
  --no-gc-sections \
  --fill-upper=0 \
  --stackguard=16 \
  --no-force-link \
  --smart-io \
  -Map=dist/default/production/teste.X.production.map \
  --report-mem \
  --memorysummary \
  dist/default/production/memoryfile.xml \
  -start-group \
  --library=lega-pic30-elf \
  --library=m-elf \
  --library=lega-c-elf \
  -end-group \

Archive member included because of file (symbol)

/opt/microchip/xc16/v1.26/bin/bin/../../lib/dsPIC30F/libp30F4011-elf.a(OpenUART2.o)
                              build/default/production/newmain1222.o (_OpenUART2)
/opt/microchip/xc16/v1.26/bin/bin/../../lib/liblega-pic30-elf.a(crt0_standard.o)
                              (__resetPRI)
/opt/microchip/xc16/v1.26/bin/bin/../../lib/liblega-pic30-elf.a(data_init_standard.o)
                              /opt/microchip/xc16/v1.26/bin/bin/../../lib/liblega-pic30-elf.a(crt0_standard.o) (__data_init_standard)
/opt/microchip/xc16/v1.26/bin/bin/../../lib/liblega-pic30-elf.a(c30_uart.Leo)
                              build/default/production/newmain1222.o (___C30_UART)
/opt/microchip/xc16/v1.26/bin/bin/../../lib/liblega-pic30-elf.a(delay32.Leo)
                              build/default/production/newmain1222.o (___delay32)
/opt/microchip/xc16/v1.26/bin/bin/../../lib/libm-elf.a(addsf3.eo)
                              build/default/production/newmain1222.o (___subsf3)
/opt/microchip/xc16/v1.26/bin/bin/../../lib/libm-elf.a(divsf3.eo)
                              build/default/production/newmain1222.o (___divsf3)
/opt/microchip/xc16/v1.26/bin/bin/../../lib/libm-elf.a(feqltle.eo)
                              build/default/production/newmain1222.o (___ltsf2)
/opt/microchip/xc16/v1.26/bin/bin/../../lib/libm-elf.a(fgtge.eo)
                              build/default/production/newmain1222.o (___gtsf2)
/opt/microchip/xc16/v1.26/bin/bin/../../lib/libm-elf.a(fixsfsi.eo)
                              build/default/production/newmain1222.o (_(float, int, long long, short, float, short, int))
/opt/microchip/xc16/v1.26/bin/bin/../../lib/libm-elf.a(floatsisf.eo)
                              build/default/production/newmain1222.o (___floatsisf)
/opt/microchip/xc16/v1.26/bin/bin/../../lib/libm-elf.a(floatunsisf.eo)
                              build/default/production/newmain1222.o (___floatunsisf)
/opt/microchip/xc16/v1.26/bin/bin/../../lib/libm-elf.a(fpack.eo)
                              /opt/microchip/xc16/v1.26/bin/bin/../../lib/libm-elf.a(addsf3.eo) (__fpack)
/opt/microchip/xc16/v1.26/bin/bin/../../lib/libm-elf.a(funpack.eo)
                              /opt/microchip/xc16/v1.26/bin/bin/../../lib/libm-elf.a(fixsfsi.eo) (__funpack)
/opt/microchip/xc16/v1.26/bin/bin/../../lib/libm-elf.a(funpack2.eo)
                              /opt/microchip/xc16/v1.26/bin/bin/../../lib/libm-elf.a(addsf3.eo) (__funpack2)
/opt/microchip/xc16/v1.26/bin/bin/../../lib/libm-elf.a(futil.eo)
                              /opt/microchip/xc16/v1.26/bin/bin/../../lib/libm-elf.a(addsf3.eo) (__fPropagateNaN)
/opt/microchip/xc16/v1.26/bin/bin/../../lib/libm-elf.a(logf.eo)
                              build/default/production/newmain1222.o (_logf)
/opt/microchip/xc16/v1.26/bin/bin/../../lib/libm-elf.a(mulsf3.eo)
                              build/default/production/newmain1222.o (___mulsf3)
/opt/microchip/xc16/v1.26/bin/bin/../../lib/libm-elf.a(_frexpf.eo)
                              /opt/microchip/xc16/v1.26/bin/bin/../../lib/libm-elf.a(logf.eo) (__frexpf)
/opt/microchip/xc16/v1.26/bin/bin/../../lib/libm-elf.a(errno.eo)
                              /opt/microchip/xc16/v1.26/bin/bin/../../lib/libm-elf.a(logf.eo) (_errno)
/opt/microchip/xc16/v1.26/bin/bin/../../lib/libm-elf.a(fcompare.eo)
[...]
Memory Configuration

Name             Origin             Length             Attributes
data             0x000800           0x000800           a !xr
reset            0x000000           0x000004  
ivt              0x000004           0x00007c  
_reserved        0x000080           0x000004  
aivt             0x000084           0x00007c  
program          0x000100           0x007f00           xr
eedata           0x7ffc00           0x000400  
FUID0            0x8005c0           0x000002  
FUID1            0x8005c2           0x000002  
FUID2            0x8005c4           0x000002  
FUID3            0x8005c6           0x000002  
FOSC             0xf80000           0x000002  
FWDT             0xf80002           0x000002  
FBORPOR          0xf80004           0x000002  
RESERVED1        0xf80006           0x000002  
RESERVED2        0xf80008           0x000002  
FGS              0xf8000a           0x000002  
FICD             0xf8000c           0x000002  
*default*        0x000000           0xffffffff  

Linker script and memory map

LOAD build/default/production/newmain1222.o
                    0x0001                  __MPLAB_BUILD = 0x1
LOAD /opt/microchip/xc16/v1.26/bin/bin/../../lib/dsPIC30F/libp30F4011-elf.a
LOAD /opt/microchip/xc16/v1.26/bin/bin/../../lib/libfx-elf.a
                    0x8005c0                  __FUID0 = 0x8005c0
                    0x8005c2                  __FUID1 = 0x8005c2
                    0x8005c4                  __FUID2 = 0x8005c4
                    0x8005c6                  __FUID3 = 0x8005c6
                    0xf80000                  __FOSC = 0xf80000
                    0xf80002                  __FWDT = 0xf80002
                    0xf80004                  __FBORPOR = 0xf80004
                    0xf80006                  __RESERVED1 = 0xf80006
                    0xf80008                  __RESERVED2 = 0xf80008
                    0xf8000a                  __FGS = 0xf8000a
                    0xf8000c                  __FICD = 0xf8000c
                    0x0001                  __NO_HANDLES = 0x1
                    0x0100                  __CODE_BASE = 0x100
                    0x7f00                  __CODE_LENGTH = 0x7f00
                    0x0004                  __IVT_BASE = 0x4
                    0x0084                  __AIVT_BASE = 0x84
                    0x0800                  __DATA_BASE = 0x800
                    0x0800                  __DATA_LENGTH = 0x800
                    0x0c00                  __YDATA_BASE = 0xc00

.reset            0x000000          0x4
                  0x000000          0x2 SHORT 0x100 ABSOLUTE (__reset)
                  0x000001          0x2 SHORT 0x4
                  0x000002          0x2 SHORT 0x0 ((ABSOLUTE (__reset) >> 0x10) & 0x7f)
                  0x000003          0x2 SHORT 0x0

.text             0x000100       0x2030
 *(.init)
 .init            0x000100         0x3c /opt/microchip/xc16/v1.26/bin/bin/../../lib/liblega-pic30-elf.a(crt0_standard.o)
                  0x000100                  __reset
                  0x000100                  __resetPRI
                  0x00012c                  __psv_init
 .init            0x00013c         0x6c /opt/microchip/xc16/v1.26/bin/bin/../../lib/liblega-pic30-elf.a(data_init_standard.o)
                  0x00013c                  __data_init
                  0x00013c                  __data_init_standard
 *(.user_init)
 *(.handle)
 *(.isr*)
 .isr             0x0001b8          0x4 default_isr
                  0x0001b8                  __DefaultInterrupt
 *(.libc)
 .libc            0x0001bc         0x12 /opt/microchip/xc16/v1.26/bin/bin/../../lib/liblega-pic30-elf.a(close.Leo)
                  0x0001bc                  _close
 .libc            0x0001ce         0x5c /opt/microchip/xc16/v1.26/bin/bin/../../lib/liblega-pic30-elf.a(write.Leo)
                  0x0001ce                  _write
 .libc            0x00022a         0x12 /opt/microchip/xc16/v1.26/bin/bin/../../lib/liblega-pic30-elf.a(remove.Leo)
                  0x00022a                  _remove
 .libc            0x00023c         0x28 /opt/microchip/xc16/v1.26/bin/bin/../../lib/liblega-pic30-elf.a(sbrk.Leo)
                  0x00023c                  _sbrk
 .libc            0x000264         0x1a /opt/microchip/xc16/v1.26/bin/bin/../../lib/liblega-pic30-elf.a(brk.Lelo)
                  0x000264                  _brk
 *(.libm)
 *(.libdsp)
 *(.lib*)
 .libperi         0x00027e          0x8 /opt/microchip/xc16/v1.26/bin/bin/../../lib/dsPIC30F/libp30F4011-elf.a(OpenUART2.o)
                  0x00027e                  _OpenUART2
 .libm.subsf3     0x000286         0xbc /opt/microchip/xc16/v1.26/bin/bin/../../lib/libm-elf.a(addsf3.eo)
                  0x000286                  ___subsf3
                  0x000288                  ___addsf3
 .libm.divfs3     0x000342         0x84 /opt/microchip/xc16/v1.26/bin/bin/../../lib/libm-elf.a(divsf3.eo)
                  0x000342                  ___divsf3
 .libm.eqsf2      0x0003c6          0x4 /opt/microchip/xc16/v1.26/bin/bin/../../lib/libm-elf.a(feqltle.eo)
                  0x0003c6                  ___lesf2
                  0x0003c6                  ___eqsf2
                  0x0003c6                  ___ltsf2
 .libm.gtsf2      0x0003ca          0x4 /opt/microchip/xc16/v1.26/bin/bin/../../lib/libm-elf.a(fgtge.eo)
                  0x0003ca                  ___gtsf2
                  0x0003ca                  ___gesf2
 .libm.fixsfsi    0x0003ce         0x42 /opt/microchip/xc16/v1.26/bin/bin/../../lib/libm-elf.a(fixsfsi.eo)
                  0x0003ce                  _(float, int, long long, short, float, short, int)
 .libm.floatsisf
                  0x000410          0x6 /opt/microchip/xc16/v1.26/bin/bin/../../lib/libm-elf.a(floatsisf.eo)
                  0x000410                  ___floatsisf
 .libm.floatunsisf
                  0x000416          0x4 /opt/microchip/xc16/v1.26/bin/bin/../../lib/libm-elf.a(floatunsisf.eo)
                  0x000416                  ___floatunsisf
 .libm.fpack      0x00041a         0x4c /opt/microchip/xc16/v1.26/bin/bin/../../lib/libm-elf.a(fpack.eo)
                  0x00041a                  __fpack
 .libm.funpack    0x000466         0x2a /opt/microchip/xc16/v1.26/bin/bin/../../lib/libm-elf.a(funpack.eo)
                  0x000466                  __funpack
 .libm.funpack2
                  0x000490         0x10 /opt/microchip/xc16/v1.26/bin/bin/../../lib/libm-elf.a(funpack2.eo)
                  0x000490                  __funpack2
 .libm.fPropagateNaN
                  0x0004a0         0x12 /opt/microchip/xc16/v1.26/bin/bin/../../lib/libm-elf.a(futil.eo)
                  0x0004a0                  __fPropagateNaN
 .libm.fbobExit
                  0x0004b2          0x8 /opt/microchip/xc16/v1.26/bin/bin/../../lib/libm-elf.a(futil.eo)
                  0x0004b2                  __fbopExit
 .libm.fbopReturnNaN
                  0x0004ba          0x6 /opt/microchip/xc16/v1.26/bin/bin/../../lib/libm-elf.a(futil.eo)
                  0x0004ba                  __fbopReturnNaN
 .libm.logf       0x0004c0         0xae /opt/microchip/xc16/v1.26/bin/bin/../../lib/libm-elf.a(logf.eo)
                  0x0004c0                  _logf
 .libm.mulsf3     0x00056e         0x68 /opt/microchip/xc16/v1.26/bin/bin/../../lib/libm-elf.a(mulsf3.eo)
                  0x00056e                  ___mulsf3
 .libm.frexpf     0x0005d6         0x1a /opt/microchip/xc16/v1.26/bin/bin/../../lib/libm-elf.a(_frexpf.eo)
                  0x0005d6                  __frexpf
 .libm.fcompare
                  0x0005f0         0x36 /opt/microchip/xc16/v1.26/bin/bin/../../lib/libm-elf.a(fcompare.eo)
                  0x0005f0                  __fcompare
 .libm.floatdisf
                  0x000626         0x20 /opt/microchip/xc16/v1.26/bin/bin/../../lib/libm-elf.a(floatdisf.eo)
                  0x000626                  ___floatdisf
 .libm.floatundisf
                  0x000646         0x5e /opt/microchip/xc16/v1.26/bin/bin/../../lib/libm-elf.a(floatundisf.eo)
                  0x000646                  ___floatundisf
 .libc.memcpy     0x0006a4          0xe /opt/microchip/xc16/v1.26/bin/bin/../../lib/liblega-c-elf.a(memcpy.XXeo)
                  0x0006a4                  _memcpy
 .libc.puts       0x0006b2         0x16 /opt/microchip/xc16/v1.26/bin/bin/../../lib/liblega-c-elf.a(puts.XXeo)
                  0x0006b2                  _puts
 .libc.strcat     0x0006c8         0x14 /opt/microchip/xc16/v1.26/bin/bin/../../lib/liblega-c-elf.a(strcat.XXeo)
                  0x0006c8                  _strcat
 .libc.strlen     0x0006dc          0xc /opt/microchip/xc16/v1.26/bin/bin/../../lib/liblega-c-elf.a(strlen.XXeo)
                  0x0006dc                  _strlen
 .libc.fputc      0x0006e8         0x4c /opt/microchip/xc16/v1.26/bin/bin/../../lib/liblega-c-elf.a(fputc.XXelo)
                  0x0006e8                  _fputc
 .libc.prout      0x000734          0xe /opt/microchip/xc16/v1.26/bin/bin/../../lib/liblega-c-elf.a(sprintf_cdnopuxX.XXeo)
                  0x000734                  sprintf_cdnopuxX.XXeo:_prout
 .libc._sprintf_cdnopuxX
                  0x000742         0x1e /opt/microchip/xc16/v1.26/bin/bin/../../lib/liblega-c-elf.a(sprintf_cdnopuxX.XXeo)
                  0x000742                  __sprintf_cdnopuxX
 .libc.prout      0x000760         0x1c /opt/microchip/xc16/v1.26/bin/bin/../../lib/liblega-c-elf.a(printf_cdfFnopsuxX.XXeo)
                  0x000760                  printf_cdfFnopsuxX.XXeo:_prout
 .libc._printf_cdfFnopsuxX
                  0x00077c         0x10 /opt/microchip/xc16/v1.26/bin/bin/../../lib/liblega-c-elf.a(printf_cdfFnopsuxX.XXeo)
                  0x00077c                  __printf_0
                  0x00077c                  __printf_s
                  0x00077c                  __printf_cdfFnopsuxX
 .libc.__Printf_cdfFnopsuxX
                  0x00078c        0x164 /opt/microchip/xc16/v1.26/bin/bin/../../lib/liblega-c-elf.a(xprintf_cdfFnopsuxX.XXeo)
                  0x00078c                  ___Printf_s
                  0x00078c                  ___Printf_cdfFnopsuxX
                  0x00078c                  ___Printf_cdnopuxX
 .libc.__Putfld_cdfFnopsuxX
                  0x0008f0        0x2ca /opt/microchip/xc16/v1.26/bin/bin/../../lib/liblega-c-elf.a(xputfld_cdfFnopsuxX.XXeo)
                  0x0008f0                  ___Putfld_s
                  0x0008f0                  ___Putfld_cdnopuxX
                  0x0008f0                  ___Putfld_cdfFnopsuxX
 .libc.__Ldtob_cdfFnopsuxX
                  0x000bba        0x250 /opt/microchip/xc16/v1.26/bin/bin/../../lib/liblega-c-elf.a(xldtob_cdfFnopsuxX.XXeo)
                  0x000bba                  ___Ldtob_cdfFnopsuxX
 .libc.__Genld_cdfFnopsuxX
                  0x000e0a        0x208 /opt/microchip/xc16/v1.26/bin/bin/../../lib/liblega-c-elf.a(xgenld_cdfFnopsuxX.XXeo)
                  0x000e0a                  ___Genld_cdfFnopsuxX
 .libc.div        0x001012         0x16 /opt/microchip/xc16/v1.26/bin/bin/../../lib/liblega-c-elf.a(div.XXeo)
                  0x001012                  _div
 .libc._DNKfflush
                  0x001028         0x76 /opt/microchip/xc16/v1.26/bin/bin/../../lib/liblega-c-elf.a(fflush.XXeo)
                  0x001028                  __DNKfflush
 .libc.fputs      0x00109e         0x90 /opt/microchip/xc16/v1.26/bin/bin/../../lib/liblega-c-elf.a(fputs.XXeo)
                  0x00109e                  _fputs
 .libc.fwrite     0x00112e         0xa8 /opt/microchip/xc16/v1.26/bin/bin/../../lib/liblega-c-elf.a(fwrite.XXeo)
                  0x00112e                  _fwrite
 .libc.ldiv       0x0011d6         0x2a /opt/microchip/xc16/v1.26/bin/bin/../../lib/liblega-c-elf.a(ldiv.XXeo)
                  0x0011d6                  _ldiv
 .libc.memchr     0x001200         0x14 /opt/microchip/xc16/v1.26/bin/bin/../../lib/liblega-c-elf.a(memchr.XXeo)
                  0x001200                  _memchr
 .libc.strchr     0x001214         0x18 /opt/microchip/xc16/v1.26/bin/bin/../../lib/liblega-c-elf.a(strchr.XXeo)
                  0x001214                  _strchr
 .libc.strrchr    0x00122c         0x14 /opt/microchip/xc16/v1.26/bin/bin/../../lib/liblega-c-elf.a(strrchr.XXeo)
                  0x00122c                  _strrchr
 .libc._Fwprep    0x001240         0x8e /opt/microchip/xc16/v1.26/bin/bin/../../lib/liblega-c-elf.a(xfwprep.XXeo)
                  0x001240                  __Fwprep
 .libc._LDunscale
                  0x0012ce         0x54 /opt/microchip/xc16/v1.26/bin/bin/../../lib/liblega-c-elf.a(xldunsca.XXeo)
                  0x0012ce                  __LDunscale
 .libc._Litob     0x001322        0x25e /opt/microchip/xc16/v1.26/bin/bin/../../lib/liblega-c-elf.a(xlitob.XXeo)
                  0x001322                  __Litob
 .libc._Puttxt    0x001580        0x178 /opt/microchip/xc16/v1.26/bin/bin/../../lib/liblega-c-elf.a(xputtxt.XXeo)
                  0x001580                  __Puttxt
 .libc._Vacopy    0x0016f8          0x4 /opt/microchip/xc16/v1.26/bin/bin/../../lib/liblega-c-elf.a(xvacopy.XXeo)
                  0x0016f8                  __Vacopy
 .libc.closeallreg
                  0x0016fc          0x4 /opt/microchip/xc16/v1.26/bin/bin/../../lib/liblega-c-elf.a(fclose.XXelo)
 .libc._Closreg
                  0x001700         0x12 /opt/microchip/xc16/v1.26/bin/bin/../../lib/liblega-c-elf.a(fclose.XXelo)
                  0x001700                  __Closreg
 .libc.fclose     0x001712         0x90 /opt/microchip/xc16/v1.26/bin/bin/../../lib/liblega-c-elf.a(fclose.XXelo)
                  0x001712                  _fclose
 .libc.closeall
                  0x0017a2         0x20 /opt/microchip/xc16/v1.26/bin/bin/../../lib/liblega-c-elf.a(fclose.XXelo)
                  0x0017a2                  fclose.XXelo:_closeall
 .libc._Atexit    0x0017c2         0x18 /opt/microchip/xc16/v1.26/bin/bin/../../lib/liblega-c-elf.a(xatexit.XXelo)
                  0x0017c2                  __Atexit
 .libc._Dnorm     0x0017da         0x98 /opt/microchip/xc16/v1.26/bin/bin/../../lib/liblega-c-elf.a(xdnorm.XXelo)
                  0x0017da                  __Dnorm
 .libc.free       0x001872         0x64 /opt/microchip/xc16/v1.26/bin/bin/../../lib/liblega-c-elf.a(free.XXeo)
                  0x001872                  _free
 .libc.findmem    0x0018d6         0x66 /opt/microchip/xc16/v1.26/bin/bin/../../lib/liblega-c-elf.a(malloc.XXeo)
 .libc.malloc     0x00193c         0x54 /opt/microchip/xc16/v1.26/bin/bin/../../lib/liblega-c-elf.a(malloc.XXeo)
                  0x00193c                  _malloc
 .libc._Getmem    0x001990         0x14 /opt/microchip/xc16/v1.26/bin/bin/../../lib/liblega-c-elf.a(xgetmem.XXeo)
                  0x001990                  __Getmem
 .libc.doclose    0x0019a4          0x4 /opt/microchip/xc16/v1.26/bin/bin/../../lib/liblega-pic30-elf.a(close.Leo)
 .libc.dowrite    0x0019a8          0x4 /opt/microchip/xc16/v1.26/bin/bin/../../lib/liblega-pic30-elf.a(write.Leo)
 .libc.doremove
                  0x0019ac          0x4 /opt/microchip/xc16/v1.26/bin/bin/../../lib/liblega-pic30-elf.a(remove.Leo)
 .libm.eqdf2      0x0019b0          0xa /opt/microchip/xc16/v1.26/bin/bin/../../lib/libm-elf.a(deqltle.eo)
                  0x0019b0                  ___ledf2
                  0x0019b0                  ___eqdf2
                  0x0019b0                  ___ltdf2
 .libm.gtdf2      0x0019ba          0xa /opt/microchip/xc16/v1.26/bin/bin/../../lib/libm-elf.a(dgtge.eo)
                  0x0019ba                  ___gedf2
                  0x0019ba                  ___gtdf2
 .libm.divdf3     0x0019c4         0xb4 /opt/microchip/xc16/v1.26/bin/bin/../../lib/libm-elf.a(divdf3.eo)
                  0x0019c4                  ___divdf3
 .libm.divsi3     0x001a78         0x1e /opt/microchip/xc16/v1.26/bin/bin/../../lib/libm-elf.a(divsi3.eo)
                  0x001a78                  ___divsi3
 .libm.dpack      0x001a96         0x58 /opt/microchip/xc16/v1.26/bin/bin/../../lib/libm-elf.a(dpack.eo)
                  0x001a96                  __dpack
 .libm.dunpack2
                  0x001aee         0x32 /opt/microchip/xc16/v1.26/bin/bin/../../lib/libm-elf.a(dunpack2.eo)
                  0x001aee                  __dunpack2
                  0x001b10                  __dreturnNaN
                  0x001b16                  __dunpack2exit
 .libm.extendsfdf2
                  0x001b20         0x3e /opt/microchip/xc16/v1.26/bin/bin/../../lib/libm-elf.a(extendsfdf.eo)
                  0x001b20                  ___extendsfdf2
 .libm.fixdfsi    0x001b5e         0x58 /opt/microchip/xc16/v1.26/bin/bin/../../lib/libm-elf.a(fixdfsi.eo)
                  0x001b5e                  _(float, int, long long, double, float, short, int)
 .libm.floatsidf
                  0x001bb6          0x6 /opt/microchip/xc16/v1.26/bin/bin/../../lib/libm-elf.a(floatsidf.eo)
                  0x001bb6                  ___floatsidf
 .libm.muldf3     0x001bbc         0xea /opt/microchip/xc16/v1.26/bin/bin/../../lib/libm-elf.a(muldf3.eo)
                  0x001bbc                  ___muldf3
 .libm.subdf3     0x001ca6          0x4 /opt/microchip/xc16/v1.26/bin/bin/../../lib/libm-elf.a(subdf3.eo)
                  0x001ca6                  ___subdf3
 .libm.udivsi3    0x001caa         0x20 /opt/microchip/xc16/v1.26/bin/bin/../../lib/libm-elf.a(udivsi3.eo)
                  0x001caa                  ___udivsi3
 .libm.umodsi3    0x001cca          0x6 /opt/microchip/xc16/v1.26/bin/bin/../../lib/libm-elf.a(umodsi3.eo)
                  0x001cca                  ___umodsi3
 .libm.mulsi3     0x001cd0          0xc /opt/microchip/xc16/v1.26/bin/bin/../../lib/libm-elf.a(mulsi3.eo)
                  0x001cd0                  ___mulp32eds3
                  0x001cd0                  ___mulp32peds3
                  0x001cd0                  ___mulsi3
 .libm.__PplusBdi
                  0x001cdc         0x26 /opt/microchip/xc16/v1.26/bin/bin/../../lib/libm-elf.a(divmoddi3.eo)
 .libm.__PminusBdi
                  0x001d02         0x26 /opt/microchip/xc16/v1.26/bin/bin/../../lib/libm-elf.a(divmoddi3.eo)
 .libm.__udivmoddi3
                  0x001d28         0xe6 /opt/microchip/xc16/v1.26/bin/bin/../../lib/libm-elf.a(divmoddi3.eo)
                  0x001d28                  ___udivmoddi3
 .libm.__udivdi3
                  0x001e0e          0xe /opt/microchip/xc16/v1.26/bin/bin/../../lib/libm-elf.a(divmoddi3.eo)
                  0x001e0e                  ___udivdi3
 .libm.__umoddi3
                  0x001e1c          0x8 /opt/microchip/xc16/v1.26/bin/bin/../../lib/libm-elf.a(divmoddi3.eo)
                  0x001e1c                  ___umoddi3
 .libm.__divdi3
                  0x001e24         0x60 /opt/microchip/xc16/v1.26/bin/bin/../../lib/libm-elf.a(divmoddi3.eo)
                  0x001e24                  ___divdi3
 .libm.__moddi3
                  0x001e84         0x5c /opt/microchip/xc16/v1.26/bin/bin/../../lib/libm-elf.a(divmoddi3.eo)
                  0x001e84                  ___moddi3
 .libm.adddf3     0x001ee0         0xfa /opt/microchip/xc16/v1.26/bin/bin/../../lib/libm-elf.a(adddf3.eo)
                  0x001ee0                  ___adddf3
 .libm.dcompare
                  0x001fda         0x52 /opt/microchip/xc16/v1.26/bin/bin/../../lib/libm-elf.a(dcompare.eo)
                  0x001fda                  __dcompare
 .libm.dPropagateNaN
                  0x00202c         0x1c /opt/microchip/xc16/v1.26/bin/bin/../../lib/libm-elf.a(dpropagateNaN.eo)
                  0x00202c                  __dPropagateNaN
 .libm.dtype      0x002048         0x24 /opt/microchip/xc16/v1.26/bin/bin/../../lib/libm-elf.a(dtype.eo)
                  0x002048                  __dtype
 .libm.dunpack    0x00206c         0x4e /opt/microchip/xc16/v1.26/bin/bin/../../lib/libm-elf.a(dunpack.eo)
                  0x00206c                  __dunpack
 .libm.floatdidf
                  0x0020ba         0x20 /opt/microchip/xc16/v1.26/bin/bin/../../lib/libm-elf.a(floatdidf.eo)
                  0x0020ba                  ___floatdidf
 .libm.floatundidf
                  0x0020da         0x56 /opt/microchip/xc16/v1.26/bin/bin/../../lib/libm-elf.a(floatundidf.eo)
                  0x0020da                  ___floatundidf

usercode
 *(usercode)

__FUID0
 *(__FUID0.sec*)

__FUID1
 *(__FUID1.sec*)

__FUID2
 *(__FUID2.sec*)

__FUID3
 *(__FUID3.sec*)

__FOSC
 *(__FOSC.sec*)

__FWDT
 *(__FWDT.sec*)

__FBORPOR
 *(__FBORPOR.sec*)

__RESERVED1
 *(__RESERVED1.sec*)

__RESERVED2
 *(__RESERVED2.sec*)

__FGS
 *(__FGS.sec*)

__FICD
 *(__FICD.sec*)

user_eedata
 *(user_eedata)

userdata
 *(userdata)

.comment          0x000000         0x5e
 *(.comment)
 .comment         0x000000         0x5e /opt/microchip/xc16/v1.26/bin/bin/../../lib/liblega-c-elf.a(xfiles.XXeo)

.debug_info       0x000000       0x2ebc
 *(.debug_info)
 .debug_info      0x000000       0x2ebc build/default/production/newmain1222.o
 *(.gnu.linkonce.wi.*)

.debug_abbrev     0x000000        0x1ff
 *(.debug_abbrev)
 .debug_abbrev    0x000000        0x1ff build/default/production/newmain1222.o

.debug_line       0x000000        0x29e
 *(.debug_line)
 .debug_line      0x000000        0x29e build/default/production/newmain1222.o

.debug_frame      0x000000        0x3de
 *(.debug_frame)
 .debug_frame     0x000000        0x3de build/default/production/newmain1222.o

.debug_str        0x000000        0x1b6
 *(.debug_str)
 .debug_str       0x000000        0x1b6 build/default/production/newmain1222.o

.debug_loc
 *(.debug_loc)

.debug_macinfo
 *(.debug_macinfo)

.debug_pubnames
                  0x000000        0x2a6
 *(.debug_pubnames)
 .debug_pubnames
                  0x000000        0x2a6 build/default/production/newmain1222.o

.debug_ranges
 *(.debug_ranges)

.debug_aranges    0x000000         0x18
 *(.debug_aranges)
 .debug_aranges
                  0x000000         0x18 build/default/production/newmain1222.o
                    0x0000                  WREG0 = 0x0
                    0x0000                  _WREG0 = 0x0
                    0x0002                  WREG1 = 0x2
                    0x0002                  _WREG1 = 0x2
                    0x0004                  WREG2 = 0x4
                    0x0004                  _WREG2 = 0x4
                    0x0006                  WREG3 = 0x6
                    0x0006                  _WREG3 = 0x6
                    0x0008                  WREG4 = 0x8
                    0x0008                  _WREG4 = 0x8
                    0x000a                  WREG5 = 0xa
                    0x000a                  _WREG5 = 0xa
                    0x000c                  WREG6 = 0xc
                    0x000c                  _WREG6 = 0xc
                    0x000e                  WREG7 = 0xe
                    0x000e                  _WREG7 = 0xe
                    0x0010                  WREG8 = 0x10
                    0x0010                  _WREG8 = 0x10
                    0x0012                  WREG9 = 0x12
                    0x0012                  _WREG9 = 0x12
                    0x0014                  WREG10 = 0x14
                    0x0014                  _WREG10 = 0x14
                    0x0016                  WREG11 = 0x16
                    0x0016                  _WREG11 = 0x16
                    0x0018                  WREG12 = 0x18
                    0x0018                  _WREG12 = 0x18
                    0x001a                  WREG13 = 0x1a
                    0x001a                  _WREG13 = 0x1a
                    0x001c                  WREG14 = 0x1c
                    0x001c                  _WREG14 = 0x1c
                    0x001e                  WREG15 = 0x1e
                    0x001e                  _WREG15 = 0x1e
                    0x0020                  SPLIM = 0x20
                    0x0020                  _SPLIM = 0x20
                    0x0022                  ACCAL = 0x22
                    0x0022                  _ACCAL = 0x22
                    0x0024                  ACCAH = 0x24
                    0x0024                  _ACCAH = 0x24
                    0x0026                  ACCAU = 0x26
                    0x0026                  _ACCAU = 0x26
                    0x0028                  ACCBL = 0x28
                    0x0028                  _ACCBL = 0x28
                    0x002a                  ACCBH = 0x2a
                    0x002a                  _ACCBH = 0x2a
                    0x002c                  ACCBU = 0x2c
                    0x002c                  _ACCBU = 0x2c
                    0x002e                  PCL = 0x2e
                    0x002e                  _PCL = 0x2e
                    0x0030                  PCH = 0x30
                    0x0030                  _PCH = 0x30
                    0x0032                  TBLPAG = 0x32
                    0x0032                  _TBLPAG = 0x32
                    0x0034                  PSVPAG = 0x34
                    0x0034                  _PSVPAG = 0x34
                    0x0036                  RCOUNT = 0x36
                    0x0036                  _RCOUNT = 0x36
                    0x0038                  DCOUNT = 0x38
                    0x0038                  _DCOUNT = 0x38
                    0x003a                  DOSTARTL = 0x3a
                    0x003a                  _DOSTARTL = 0x3a
                    0x003c                  DOSTARTH = 0x3c
                    0x003c                  _DOSTARTH = 0x3c
                    0x003e                  DOENDL = 0x3e
                    0x003e                  _DOENDL = 0x3e
                    0x0040                  DOENDH = 0x40
                    0x0040                  _DOENDH = 0x40
                    0x0042                  SR = 0x42
                    0x0042                  _SR = 0x42
                    0x0042                  _SRbits = 0x42
                    0x0044                  CORCON = 0x44
                    0x0044                  _CORCON = 0x44
                    0x0044                  _CORCONbits = 0x44
                    0x0046                  MODCON = 0x46
                    0x0046                  _MODCON = 0x46
                    0x0046                  _MODCONbits = 0x46
                    0x0048                  XMODSRT = 0x48
                    0x0048                  _XMODSRT = 0x48
                    0x004a                  XMODEND = 0x4a
                    0x004a                  _XMODEND = 0x4a
                    0x004c                  YMODSRT = 0x4c
                    0x004c                  _YMODSRT = 0x4c
                    0x004e                  YMODEND = 0x4e
                    0x004e                  _YMODEND = 0x4e
                    0x0050                  XBREV = 0x50
                    0x0050                  _XBREV = 0x50
                    0x0050                  _XBREVbits = 0x50
                    0x0052                  DISICNT = 0x52
                    0x0052                  _DISICNT = 0x52
                    0x0052                  _DISICNTbits = 0x52
                    0x0080                  INTCON1 = 0x80
                    0x0080                  _INTCON1 = 0x80
                    0x0080                  _INTCON1bits = 0x80
                    0x0082                  INTCON2 = 0x82
                    0x0082                  _INTCON2 = 0x82
                    0x0082                  _INTCON2bits = 0x82
                    0x0084                  IFS0 = 0x84
                    0x0084                  _IFS0 = 0x84
                    0x0084                  _IFS0bits = 0x84
                    0x0086                  IFS1 = 0x86
                    0x0086                  _IFS1 = 0x86
                    0x0086                  _IFS1bits = 0x86
                    0x0088                  IFS2 = 0x88
                    0x0088                  _IFS2 = 0x88
                    0x0088                  _IFS2bits = 0x88
                    0x008c                  IEC0 = 0x8c
                    0x008c                  _IEC0 = 0x8c
                    0x008c                  _IEC0bits = 0x8c
                    0x008e                  IEC1 = 0x8e
                    0x008e                  _IEC1 = 0x8e
                    0x008e                  _IEC1bits = 0x8e
                    0x0090                  IEC2 = 0x90
                    0x0090                  _IEC2 = 0x90
                    0x0090                  _IEC2bits = 0x90
                    0x0094                  IPC0 = 0x94
                    0x0094                  _IPC0 = 0x94
                    0x0094                  _IPC0bits = 0x94
                    0x0096                  IPC1 = 0x96
                    0x0096                  _IPC1 = 0x96
                    0x0096                  _IPC1bits = 0x96
                    0x0098                  IPC2 = 0x98
                    0x0098                  _IPC2 = 0x98
                    0x0098                  _IPC2bits = 0x98
                    0x009a                  IPC3 = 0x9a
                    0x009a                  _IPC3 = 0x9a
                    0x009a                  _IPC3bits = 0x9a
                    0x009c                  IPC4 = 0x9c
                    0x009c                  _IPC4 = 0x9c
                    0x009c                  _IPC4bits = 0x9c
                    0x009e                  IPC5 = 0x9e
                    0x009e                  _IPC5 = 0x9e
                    0x009e                  _IPC5bits = 0x9e
                    0x00a0                  IPC6 = 0xa0
                    0x00a0                  _IPC6 = 0xa0
                    0x00a0                  _IPC6bits = 0xa0
                    0x00a6                  IPC9 = 0xa6
                    0x00a6                  _IPC9 = 0xa6
                    0x00a6                  _IPC9bits = 0xa6
                    0x00a8                  IPC10 = 0xa8
                    0x00a8                  _IPC10 = 0xa8
                    0x00a8                  _IPC10bits = 0xa8
                    0x00b0                  INTTREG = 0xb0
                    0x00b0                  _INTTREG = 0xb0
                    0x00b0                  _INTTREGbits = 0xb0
                    0x00c0                  CNEN1 = 0xc0
                    0x00c0                  _CNEN1 = 0xc0
                    0x00c0                  _CNEN1bits = 0xc0
                    0x00c2                  CNEN2 = 0xc2
                    0x00c2                  _CNEN2 = 0xc2
                    0x00c2                  _CNEN2bits = 0xc2
                    0x00c4                  CNPU1 = 0xc4
                    0x00c4                  _CNPU1 = 0xc4
                    0x00c4                  _CNPU1bits = 0xc4
                    0x00c6                  CNPU2 = 0xc6
                    0x00c6                  _CNPU2 = 0xc6
                    0x00c6                  _CNPU2bits = 0xc6
                    0x0100                  TMR1 = 0x100
                    0x0100                  _TMR1 = 0x100
                    0x0102                  PR1 = 0x102
                    0x0102                  _PR1 = 0x102
                    0x0104                  T1CON = 0x104
                    0x0104                  _T1CON = 0x104
                    0x0104                  _T1CONbits = 0x104
                    0x0106                  TMR2 = 0x106
                    0x0106                  _TMR2 = 0x106
                    0x0108                  TMR3HLD = 0x108
                    0x0108                  _TMR3HLD = 0x108
                    0x010a                  TMR3 = 0x10a
                    0x010a                  _TMR3 = 0x10a
                    0x010c                  PR2 = 0x10c
                    0x010c                  _PR2 = 0x10c
                    0x010e                  PR3 = 0x10e
                    0x010e                  _PR3 = 0x10e
                    0x0110                  T2CON = 0x110
                    0x0110                  _T2CON = 0x110
                    0x0110                  _T2CONbits = 0x110
                    0x0112                  T3CON = 0x112
                    0x0112                  _T3CON = 0x112
                    0x0112                  _T3CONbits = 0x112
                    0x0114                  TMR4 = 0x114
                    0x0114                  _TMR4 = 0x114
                    0x0116                  TMR5HLD = 0x116
                    0x0116                  _TMR5HLD = 0x116
                    0x0118                  TMR5 = 0x118
                    0x0118                  _TMR5 = 0x118
                    0x011a                  PR4 = 0x11a
                    0x011a                  _PR4 = 0x11a
                    0x011c                  PR5 = 0x11c
                    0x011c                  _PR5 = 0x11c
                    0x011e                  T4CON = 0x11e
                    0x011e                  _T4CON = 0x11e
                    0x011e                  _T4CONbits = 0x11e
                    0x0120                  T5CON = 0x120
                    0x0120                  _T5CON = 0x120
                    0x0120                  _T5CONbits = 0x120
                    0x0122                  QEICON = 0x122
                    0x0122                  _QEICON = 0x122
                    0x0122                  _QEICONbits = 0x122
                    0x0124                  DFLTCON = 0x124
                    0x0124                  _DFLTCON = 0x124
                    0x0124                  _DFLTCONbits = 0x124
                    0x0126                  POSCNT = 0x126
                    0x0126                  _POSCNT = 0x126
                    0x0128                  MAXCNT = 0x128
                    0x0128                  _MAXCNT = 0x128
                    0x0140                  IC1BUF = 0x140
                    0x0140                  _IC1BUF = 0x140
                    0x0142                  IC1CON = 0x142
                    0x0142                  _IC1CON = 0x142
                    0x0142                  _IC1CONbits = 0x142
                    0x0144                  IC2BUF = 0x144
                    0x0144                  _IC2BUF = 0x144
                    0x0146                  IC2CON = 0x146
                    0x0146                  _IC2CON = 0x146
                    0x0146                  _IC2CONbits = 0x146
                    0x0158                  IC7BUF = 0x158
                    0x0158                  _IC7BUF = 0x158
                    0x015a                  IC7CON = 0x15a
                    0x015a                  _IC7CON = 0x15a
                    0x015a                  _IC7CONbits = 0x15a
                    0x015c                  IC8BUF = 0x15c
                    0x015c                  _IC8BUF = 0x15c
                    0x015e                  IC8CON = 0x15e
                    0x015e                  _IC8CON = 0x15e
                    0x015e                  _IC8CONbits = 0x15e
                    0x0180                  OC1RS = 0x180
                    0x0180                  _OC1RS = 0x180
                    0x0182                  OC1R = 0x182
                    0x0182                  _OC1R = 0x182
                    0x0184                  OC1CON = 0x184
                    0x0184                  _OC1CON = 0x184
                    0x0184                  _OC1CONbits = 0x184
                    0x0186                  OC2RS = 0x186
                    0x0186                  _OC2RS = 0x186
                    0x0188                  OC2R = 0x188
                    0x0188                  _OC2R = 0x188
                    0x018a                  OC2CON = 0x18a
                    0x018a                  _OC2CON = 0x18a
                    0x018a                  _OC2CONbits = 0x18a
                    0x018c                  OC3RS = 0x18c
                    0x018c                  _OC3RS = 0x18c
                    0x018e                  OC3R = 0x18e
                    0x018e                  _OC3R = 0x18e
                    0x0190                  OC3CON = 0x190
                    0x0190                  _OC3CON = 0x190
                    0x0190                  _OC3CONbits = 0x190
                    0x0192                  OC4RS = 0x192
                    0x0192                  _OC4RS = 0x192
                    0x0194                  OC4R = 0x194
                    0x0194                  _OC4R = 0x194
                    0x0196                  OC4CON = 0x196
                    0x0196                  _OC4CON = 0x196
                    0x0196                  _OC4CONbits = 0x196
                    0x01c0                  PTCON = 0x1c0
                    0x01c0                  _PTCON = 0x1c0
                    0x01c0                  _PTCONbits = 0x1c0
                    0x01c2                  PTMR = 0x1c2
                    0x01c2                  _PTMR = 0x1c2
                    0x01c2                  _PTMRbits = 0x1c2
                    0x01c4                  PTPER = 0x1c4
                    0x01c4                  _PTPER = 0x1c4
                    0x01c4                  _PTPERbits = 0x1c4
                    0x01c6                  SEVTCMP = 0x1c6
                    0x01c6                  _SEVTCMP = 0x1c6
                    0x01c6                  _SEVTCMPbits = 0x1c6
                    0x01c8                  PWMCON1 = 0x1c8
                    0x01c8                  _PWMCON1 = 0x1c8
                    0x01c8                  _PWMCON1bits = 0x1c8
                    0x01ca                  PWMCON2 = 0x1ca
                    0x01ca                  _PWMCON2 = 0x1ca
                    0x01ca                  _PWMCON2bits = 0x1ca
                    0x01cc                  DTCON1 = 0x1cc
                    0x01cc                  _DTCON1 = 0x1cc
                    0x01cc                  _DTCON1bits = 0x1cc
                    0x01d0                  FLTACON = 0x1d0
                    0x01d0                  _FLTACON = 0x1d0
                    0x01d0                  _FLTACONbits = 0x1d0
                    0x01d4                  OVDCON = 0x1d4
                    0x01d4                  _OVDCON = 0x1d4
                    0x01d4                  _OVDCONbits = 0x1d4
                    0x01d6                  PDC1 = 0x1d6
                    0x01d6                  _PDC1 = 0x1d6
                    0x01d8                  PDC2 = 0x1d8
                    0x01d8                  _PDC2 = 0x1d8
                    0x01da                  PDC3 = 0x1da
                    0x01da                  _PDC3 = 0x1da
                    0x0200                  I2CRCV = 0x200
                    0x0200                  _I2CRCV = 0x200
                    0x0200                  _I2CRCVbits = 0x200
                    0x0202                  I2CTRN = 0x202
                    0x0202                  _I2CTRN = 0x202
                    0x0202                  _I2CTRNbits = 0x202
                    0x0204                  I2CBRG = 0x204
                    0x0204                  _I2CBRG = 0x204
                    0x0204                  _I2CBRGbits = 0x204
                    0x0206                  I2CCON = 0x206
                    0x0206                  _I2CCON = 0x206
                    0x0206                  _I2CCONbits = 0x206
                    0x0208                  I2CSTAT = 0x208
                    0x0208                  _I2CSTAT = 0x208
                    0x0208                  _I2CSTATbits = 0x208
                    0x020a                  I2CADD = 0x20a
                    0x020a                  _I2CADD = 0x20a
                    0x020a                  _I2CADDbits = 0x20a
                    0x020c                  U1MODE = 0x20c
                    0x020c                  _U1MODE = 0x20c
                    0x020c                  _U1MODEbits = 0x20c
                    0x020e                  U1STA = 0x20e
                    0x020e                  _U1STA = 0x20e
                    0x020e                  _U1STAbits = 0x20e
                    0x0210                  U1TXREG = 0x210
                    0x0210                  _U1TXREG = 0x210
                    0x0210                  _U1TXREGbits = 0x210
                    0x0212                  U1RXREG = 0x212
                    0x0212                  _U1RXREG = 0x212
                    0x0212                  _U1RXREGbits = 0x212
                    0x0214                  U1BRG = 0x214
                    0x0214                  _U1BRG = 0x214
                    0x0216                  U2MODE = 0x216
                    0x0216                  _U2MODE = 0x216
                    0x0216                  _U2MODEbits = 0x216
                    0x0218                  U2STA = 0x218
                    0x0218                  _U2STA = 0x218
                    0x0218                  _U2STAbits = 0x218
                    0x021a                  U2TXREG = 0x21a
                    0x021a                  _U2TXREG = 0x21a
                    0x021a                  _U2TXREGbits = 0x21a
                    0x021c                  U2RXREG = 0x21c
                    0x021c                  _U2RXREG = 0x21c
                    0x021c                  _U2RXREGbits = 0x21c
                    0x021e                  U2BRG = 0x21e
                    0x021e                  _U2BRG = 0x21e
                    0x0220                  SPI1STAT = 0x220
                    0x0220                  _SPI1STAT = 0x220
                    0x0220                  _SPI1STATbits = 0x220
                    0x0222                  SPI1CON = 0x222
                    0x0222                  _SPI1CON = 0x222
                    0x0222                  _SPI1CONbits = 0x222
                    0x0224                  SPI1BUF = 0x224
                    0x0224                  _SPI1BUF = 0x224
                    0x0280                  ADCBUF0 = 0x280
                    0x0280                  _ADCBUF0 = 0x280
                    0x0282                  ADCBUF1 = 0x282
                    0x0282                  _ADCBUF1 = 0x282
                    0x0284                  ADCBUF2 = 0x284
                    0x0284                  _ADCBUF2 = 0x284
                    0x0286                  ADCBUF3 = 0x286
                    0x0286                  _ADCBUF3 = 0x286
                    0x0288                  ADCBUF4 = 0x288
                    0x0288                  _ADCBUF4 = 0x288
                    0x028a                  ADCBUF5 = 0x28a
                    0x028a                  _ADCBUF5 = 0x28a
                    0x028c                  ADCBUF6 = 0x28c
                    0x028c                  _ADCBUF6 = 0x28c
                    0x028e                  ADCBUF7 = 0x28e
                    0x028e                  _ADCBUF7 = 0x28e
                    0x0290                  ADCBUF8 = 0x290
                    0x0290                  _ADCBUF8 = 0x290
                    0x0292                  ADCBUF9 = 0x292
                    0x0292                  _ADCBUF9 = 0x292
                    0x0294                  ADCBUFA = 0x294
                    0x0294                  _ADCBUFA = 0x294
                    0x0296                  ADCBUFB = 0x296
                    0x0296                  _ADCBUFB = 0x296
                    0x0298                  ADCBUFC = 0x298
                    0x0298                  _ADCBUFC = 0x298
                    0x029a                  ADCBUFD = 0x29a
                    0x029a                  _ADCBUFD = 0x29a
                    0x029c                  ADCBUFE = 0x29c
                    0x029c                  _ADCBUFE = 0x29c
                    0x029e                  ADCBUFF = 0x29e
                    0x029e                  _ADCBUFF = 0x29e
                    0x02a0                  ADCON1 = 0x2a0
                    0x02a0                  _ADCON1 = 0x2a0
                    0x02a0                  _ADCON1bits = 0x2a0
                    0x02a2                  ADCON2 = 0x2a2
                    0x02a2                  _ADCON2 = 0x2a2
                    0x02a2                  _ADCON2bits = 0x2a2
                    0x02a4                  ADCON3 = 0x2a4
                    0x02a4                  _ADCON3 = 0x2a4
                    0x02a4                  _ADCON3bits = 0x2a4
                    0x02a6                  ADCHS = 0x2a6
                    0x02a6                  _ADCHS = 0x2a6
                    0x02a6                  _ADCHSbits = 0x2a6
                    0x02a8                  ADPCFG = 0x2a8
                    0x02a8                  _ADPCFG = 0x2a8
                    0x02a8                  _ADPCFGbits = 0x2a8
                    0x02aa                  ADCSSL = 0x2aa
                    0x02aa                  _ADCSSL = 0x2aa
                    0x02aa                  _ADCSSLbits = 0x2aa
                    0x02c6                  TRISB = 0x2c6
                    0x02c6                  _TRISB = 0x2c6
                    0x02c6                  _TRISBbits = 0x2c6
                    0x02c8                  PORTB = 0x2c8
                    0x02c8                  _PORTB = 0x2c8
                    0x02c8                  _PORTBbits = 0x2c8
                    0x02ca                  LATB = 0x2ca
                    0x02ca                  _LATB = 0x2ca
                    0x02ca                  _LATBbits = 0x2ca
                    0x02cc                  TRISC = 0x2cc
                    0x02cc                  _TRISC = 0x2cc
                    0x02cc                  _TRISCbits = 0x2cc
                    0x02ce                  PORTC = 0x2ce
                    0x02ce                  _PORTC = 0x2ce
                    0x02ce                  _PORTCbits = 0x2ce
                    0x02d0                  LATC = 0x2d0
                    0x02d0                  _LATC = 0x2d0
                    0x02d0                  _LATCbits = 0x2d0
                    0x02d2                  TRISD = 0x2d2
                    0x02d2                  _TRISD = 0x2d2
                    0x02d2                  _TRISDbits = 0x2d2
                    0x02d4                  PORTD = 0x2d4
                    0x02d4                  _PORTD = 0x2d4
                    0x02d4                  _PORTDbits = 0x2d4
                    0x02d6                  LATD = 0x2d6
                    0x02d6                  _LATD = 0x2d6
                    0x02d6                  _LATDbits = 0x2d6
                    0x02d8                  TRISE = 0x2d8
                    0x02d8                  _TRISE = 0x2d8
                    0x02d8                  _TRISEbits = 0x2d8
                    0x02da                  PORTE = 0x2da
                    0x02da                  _PORTE = 0x2da
                    0x02da                  _PORTEbits = 0x2da
                    0x02dc                  LATE = 0x2dc
                    0x02dc                  _LATE = 0x2dc
                    0x02dc                  _LATEbits = 0x2dc
                    0x02de                  TRISF = 0x2de
                    0x02de                  _TRISF = 0x2de
                    0x02de                  _TRISFbits = 0x2de
                    0x02e0                  PORTF = 0x2e0
                    0x02e0                  _PORTF = 0x2e0
                    0x02e0                  _PORTFbits = 0x2e0
                    0x02e2                  LATF = 0x2e2
                    0x02e2                  _LATF = 0x2e2
                    0x02e2                  _LATFbits = 0x2e2
                    0x0300                  C1RXF0SID = 0x300
                    0x0300                  _C1RXF0SID = 0x300
                    0x0300                  _C1RXF0SIDbits = 0x300
                    0x0302                  C1RXF0EIDH = 0x302
                    0x0302                  _C1RXF0EIDH = 0x302
                    0x0302                  _C1RXF0EIDHbits = 0x302
                    0x0304                  C1RXF0EIDL = 0x304
                    0x0304                  _C1RXF0EIDL = 0x304
                    0x0304                  _C1RXF0EIDLbits = 0x304
                    0x0308                  C1RXF1SID = 0x308
                    0x0308                  _C1RXF1SID = 0x308
                    0x0308                  _C1RXF1SIDbits = 0x308
                    0x030a                  C1RXF1EIDH = 0x30a
                    0x030a                  _C1RXF1EIDH = 0x30a
                    0x030a                  _C1RXF1EIDHbits = 0x30a
                    0x030c                  C1RXF1EIDL = 0x30c
                    0x030c                  _C1RXF1EIDL = 0x30c
                    0x030c                  _C1RXF1EIDLbits = 0x30c
                    0x0310                  C1RXF2SID = 0x310
                    0x0310                  _C1RXF2SID = 0x310
                    0x0310                  _C1RXF2SIDbits = 0x310
                    0x0312                  C1RXF2EIDH = 0x312
                    0x0312                  _C1RXF2EIDH = 0x312
                    0x0312                  _C1RXF2EIDHbits = 0x312
                    0x0314                  C1RXF2EIDL = 0x314
                    0x0314                  _C1RXF2EIDL = 0x314
                    0x0314                  _C1RXF2EIDLbits = 0x314
                    0x0318                  C1RXF3SID = 0x318
                    0x0318                  _C1RXF3SID = 0x318
                    0x0318                  _C1RXF3SIDbits = 0x318
                    0x031a                  C1RXF3EIDH = 0x31a
                    0x031a                  _C1RXF3EIDH = 0x31a
                    0x031a                  _C1RXF3EIDHbits = 0x31a
                    0x031c                  C1RXF3EIDL = 0x31c
                    0x031c                  _C1RXF3EIDL = 0x31c
                    0x031c                  _C1RXF3EIDLbits = 0x31c
                    0x0320                  C1RXF4SID = 0x320
                    0x0320                  _C1RXF4SID = 0x320
                    0x0320                  _C1RXF4SIDbits = 0x320
                    0x0322                  C1RXF4EIDH = 0x322
                    0x0322                  _C1RXF4EIDH = 0x322
                    0x0322                  _C1RXF4EIDHbits = 0x322
                    0x0324                  C1RXF4EIDL = 0x324
                    0x0324                  _C1RXF4EIDL = 0x324
                    0x0324                  _C1RXF4EIDLbits = 0x324
                    0x0328                  C1RXF5SID = 0x328
                    0x0328                  _C1RXF5SID = 0x328
                    0x0328                  _C1RXF5SIDbits = 0x328
                    0x032a                  C1RXF5EIDH = 0x32a
                    0x032a                  _C1RXF5EIDH = 0x32a
                    0x032a                  _C1RXF5EIDHbits = 0x32a
                    0x032c                  C1RXF5EIDL = 0x32c
                    0x032c                  _C1RXF5EIDL = 0x32c
                    0x032c                  _C1RXF5EIDLbits = 0x32c
                    0x0330                  C1RXM0SID = 0x330
                    0x0330                  _C1RXM0SID = 0x330
                    0x0330                  _C1RXM0SIDbits = 0x330
                    0x0332                  C1RXM0EIDH = 0x332
                    0x0332                  _C1RXM0EIDH = 0x332
                    0x0332                  _C1RXM0EIDHbits = 0x332
                    0x0334                  C1RXM0EIDL = 0x334
                    0x0334                  _C1RXM0EIDL = 0x334
                    0x0334                  _C1RXM0EIDLbits = 0x334
                    0x0338                  C1RXM1SID = 0x338
                    0x0338                  _C1RXM1SID = 0x338
                    0x0338                  _C1RXM1SIDbits = 0x338
                    0x033a                  C1RXM1EIDH = 0x33a
                    0x033a                  _C1RXM1EIDH = 0x33a
                    0x033a                  _C1RXM1EIDHbits = 0x33a
                    0x033c                  C1RXM1EIDL = 0x33c
                    0x033c                  _C1RXM1EIDL = 0x33c
                    0x033c                  _C1RXM1EIDLbits = 0x33c
                    0x0340                  C1TX2SID = 0x340
                    0x0340                  _C1TX2SID = 0x340
                    0x0340                  _C1TX2SIDbits = 0x340
                    0x0342                  C1TX2EID = 0x342
                    0x0342                  _C1TX2EID = 0x342
                    0x0342                  _C1TX2EIDbits = 0x342
                    0x0344                  C1TX2DLC = 0x344
                    0x0344                  _C1TX2DLC = 0x344
                    0x0344                  _C1TX2DLCbits = 0x344
                    0x0346                  C1TX2B1 = 0x346
                    0x0346                  _C1TX2B1 = 0x346
                    0x0346                  _C1TX2B1bits = 0x346
                    0x0348                  C1TX2B2 = 0x348
                    0x0348                  _C1TX2B2 = 0x348
                    0x0348                  _C1TX2B2bits = 0x348
                    0x034a                  C1TX2B3 = 0x34a
                    0x034a                  _C1TX2B3 = 0x34a
                    0x034a                  _C1TX2B3bits = 0x34a
                    0x034c                  C1TX2B4 = 0x34c
                    0x034c                  _C1TX2B4 = 0x34c
                    0x034c                  _C1TX2B4bits = 0x34c
                    0x034e                  C1TX2CON = 0x34e
                    0x034e                  _C1TX2CON = 0x34e
                    0x034e                  _C1TX2CONbits = 0x34e
                    0x0350                  C1TX1SID = 0x350
                    0x0350                  _C1TX1SID = 0x350
                    0x0350                  _C1TX1SIDbits = 0x350
                    0x0352                  C1TX1EID = 0x352
                    0x0352                  _C1TX1EID = 0x352
                    0x0352                  _C1TX1EIDbits = 0x352
                    0x0354                  C1TX1DLC = 0x354
                    0x0354                  _C1TX1DLC = 0x354
                    0x0354                  _C1TX1DLCbits = 0x354
                    0x0356                  C1TX1B1 = 0x356
                    0x0356                  _C1TX1B1 = 0x356
                    0x0356                  _C1TX1B1bits = 0x356
                    0x0358                  C1TX1B2 = 0x358
                    0x0358                  _C1TX1B2 = 0x358
                    0x0358                  _C1TX1B2bits = 0x358
                    0x035a                  C1TX1B3 = 0x35a
                    0x035a                  _C1TX1B3 = 0x35a
                    0x035a                  _C1TX1B3bits = 0x35a
                    0x035c                  C1TX1B4 = 0x35c
                    0x035c                  _C1TX1B4 = 0x35c
                    0x035c                  _C1TX1B4bits = 0x35c
                    0x035e                  C1TX1CON = 0x35e
                    0x035e                  _C1TX1CON = 0x35e
                    0x035e                  _C1TX1CONbits = 0x35e
                    0x0360                  C1TX0SID = 0x360
                    0x0360                  _C1TX0SID = 0x360
                    0x0360                  _C1TX0SIDbits = 0x360
                    0x0362                  C1TX0EID = 0x362
                    0x0362                  _C1TX0EID = 0x362
                    0x0362                  _C1TX0EIDbits = 0x362
                    0x0364                  C1TX0DLC = 0x364
                    0x0364                  _C1TX0DLC = 0x364
                    0x0364                  _C1TX0DLCbits = 0x364
                    0x0366                  C1TX0B1 = 0x366
                    0x0366                  _C1TX0B1 = 0x366
                    0x0366                  _C1TX0B1bits = 0x366
                    0x0368                  C1TX0B2 = 0x368
                    0x0368                  _C1TX0B2 = 0x368
                    0x0368                  _C1TX0B2bits = 0x368
                    0x036a                  C1TX0B3 = 0x36a
                    0x036a                  _C1TX0B3 = 0x36a
                    0x036a                  _C1TX0B3bits = 0x36a
                    0x036c                  C1TX0B4 = 0x36c
                    0x036c                  _C1TX0B4 = 0x36c
                    0x036c                  _C1TX0B4bits = 0x36c
                    0x036e                  C1TX0CON = 0x36e
                    0x036e                  _C1TX0CON = 0x36e
                    0x036e                  _C1TX0CONbits = 0x36e
                    0x0370                  C1RX1SID = 0x370
                    0x0370                  _C1RX1SID = 0x370
                    0x0370                  _C1RX1SIDbits = 0x370
                    0x0372                  C1RX1EID = 0x372
                    0x0372                  _C1RX1EID = 0x372
                    0x0372                  _C1RX1EIDbits = 0x372
                    0x0374                  C1RX1DLC = 0x374
                    0x0374                  _C1RX1DLC = 0x374
                    0x0374                  _C1RX1DLCbits = 0x374
                    0x0376                  C1RX1B1 = 0x376
                    0x0376                  _C1RX1B1 = 0x376
                    0x0376                  _C1RX1B1bits = 0x376
                    0x0378                  C1RX1B2 = 0x378
                    0x0378                  _C1RX1B2 = 0x378
                    0x0378                  _C1RX1B2bits = 0x378
                    0x037a                  C1RX1B3 = 0x37a
                    0x037a                  _C1RX1B3 = 0x37a
                    0x037a                  _C1RX1B3bits = 0x37a
                    0x037c                  C1RX1B4 = 0x37c
                    0x037c                  _C1RX1B4 = 0x37c
                    0x037c                  _C1RX1B4bits = 0x37c
                    0x037e                  C1RX1CON = 0x37e
                    0x037e                  _C1RX1CON = 0x37e
                    0x037e                  _C1RX1CONbits = 0x37e
                    0x0380                  C1RX0SID = 0x380
                    0x0380                  _C1RX0SID = 0x380
                    0x0380                  _C1RX0SIDbits = 0x380
                    0x0382                  C1RX0EID = 0x382
                    0x0382                  _C1RX0EID = 0x382
                    0x0382                  _C1RX0EIDbits = 0x382
                    0x0384                  C1RX0DLC = 0x384
                    0x0384                  _C1RX0DLC = 0x384
                    0x0384                  _C1RX0DLCbits = 0x384
                    0x0386                  C1RX0B1 = 0x386
                    0x0386                  _C1RX0B1 = 0x386
                    0x0386                  _C1RX0B1bits = 0x386
                    0x0388                  C1RX0B2 = 0x388
                    0x0388                  _C1RX0B2 = 0x388
                    0x0388                  _C1RX0B2bits = 0x388
                    0x038a                  C1RX0B3 = 0x38a
                    0x038a                  _C1RX0B3 = 0x38a
                    0x038a                  _C1RX0B3bits = 0x38a
                    0x038c                  C1RX0B4 = 0x38c
                    0x038c                  _C1RX0B4 = 0x38c
                    0x038c                  _C1RX0B4bits = 0x38c
                    0x038e                  C1RX0CON = 0x38e
                    0x038e                  _C1RX0CON = 0x38e
                    0x038e                  _C1RX0CONbits = 0x38e
                    0x0390                  C1CTRL = 0x390
                    0x0390                  _C1CTRL = 0x390
                    0x0390                  _C1CTRLbits = 0x390
                    0x0392                  C1CFG1 = 0x392
                    0x0392                  _C1CFG1 = 0x392
                    0x0392                  _C1CFG1bits = 0x392
                    0x0394                  C1CFG2 = 0x394
                    0x0394                  _C1CFG2 = 0x394
                    0x0394                  _C1CFG2bits = 0x394
                    0x0396                  C1INTF = 0x396
                    0x0396                  _C1INTF = 0x396
                    0x0396                  _C1INTFbits = 0x396
                    0x0398                  C1INTE = 0x398
                    0x0398                  _C1INTE = 0x398
                    0x0398                  _C1INTEbits = 0x398
                    0x039a                  C1EC = 0x39a
                    0x039a                  _C1EC = 0x39a
                    0x039a                  _C1ECbits = 0x39a
                    0x039a                  C1RERRCNT = 0x39a
                    0x039a                  _C1RERRCNT = 0x39a
                    0x039b                  C1TERRCNT = 0x39b
                    0x039b                  _C1TERRCNT = 0x39b
                    0x0740                  RCON = 0x740
                    0x0740                  _RCON = 0x740
                    0x0740                  _RCONbits = 0x740
                    0x0742                  OSCCON = 0x742
                    0x0742                  _OSCCON = 0x742
                    0x0742                  _OSCCONbits = 0x742
                    0x0742                  OSCCONL = 0x742
                    0x0742                  _OSCCONL = 0x742
                    0x0743                  OSCCONH = 0x743
                    0x0743                  _OSCCONH = 0x743
                    0x0760                  NVMCON = 0x760
                    0x0760                  _NVMCON = 0x760
                    0x0760                  _NVMCONbits = 0x760
                    0x0762                  NVMADR = 0x762
                    0x0762                  _NVMADR = 0x762
                    0x0764                  NVMADRU = 0x764
                    0x0764                  _NVMADRU = 0x764
                    0x0764                  _NVMADRUbits = 0x764
                    0x0766                  NVMKEY = 0x766
                    0x0766                  _NVMKEY = 0x766
                    0x0770                  PMD1 = 0x770
                    0x0770                  _PMD1 = 0x770
                    0x0770                  _PMD1bits = 0x770
                    0x0772                  PMD2 = 0x772
                    0x0772                  _PMD2 = 0x772
                    0x0772                  _PMD2bits = 0x772
                    0x0022                  ACCA = 0x22
                    0x0022                  _ACCA = 0x22
                    0x0028                  ACCB = 0x28
                    0x0028                  _ACCB = 0x28
                    0x0300                  CAN1 = 0x300
                    0x0300                  _CAN1 = 0x300
                    0x0140                  IC1 = 0x140
                    0x0140                  _IC1 = 0x140
                    0x0144                  IC2 = 0x144
                    0x0144                  _IC2 = 0x144
                    0x0158                  IC7 = 0x158
                    0x0158                  _IC7 = 0x158
                    0x015c                  IC8 = 0x15c
                    0x015c                  _IC8 = 0x15c
                    0x0180                  OC1 = 0x180
                    0x0180                  _OC1 = 0x180
                    0x0186                  OC2 = 0x186
                    0x0186                  _OC2 = 0x186
                    0x018c                  OC3 = 0x18c
                    0x018c                  _OC3 = 0x18c
                    0x0192                  OC4 = 0x192
                    0x0192                  _OC4 = 0x192
                    0x0220                  SPI1 = 0x220
                    0x0220                  _SPI1 = 0x220
                    0x020c                  UART1 = 0x20c
                    0x020c                  _UART1 = 0x20c
                    0x0216                  UART2 = 0x216
                    0x0216                  _UART2 = 0x216
START GROUP
LOAD /opt/microchip/xc16/v1.26/bin/bin/../../lib/liblega-pic30-elf.a
LOAD /opt/microchip/xc16/v1.26/bin/bin/../../lib/libm-elf.a
LOAD /opt/microchip/xc16/v1.26/bin/bin/../../lib/liblega-c-elf.a
END GROUP
OUTPUT(dist/default/production/teste.X.production.elf elf32-pic30)
LOAD jump_table
LOAD default_isr
LOAD data_init
LOAD shared_data_init

.debug_pubtypes
                  0x000018        0x355
 .debug_pubtypes
                  0x000018        0x355 build/default/production/newmain1222.o

__c30_signature
                  0x00036d        0x1ec
 __c30_signature
                  0x00036d          0x6 build/default/production/newmain1222.o
 __c30_signature
                  0x000373          0x6 /opt/microchip/xc16/v1.26/bin/bin/../../lib/dsPIC30F/libp30F4011-elf.a(OpenUART2.o)
 __c30_signature
                  0x000379          0x6 /opt/microchip/xc16/v1.26/bin/bin/../../lib/liblega-pic30-elf.a(crt0_standard.o)
 __c30_signature
                  0x00037f          0x6 /opt/microchip/xc16/v1.26/bin/bin/../../lib/liblega-pic30-elf.a(data_init_standard.o)
 __c30_signature
                  0x000385          0x6 /opt/microchip/xc16/v1.26/bin/bin/../../lib/liblega-pic30-elf.a(c30_uart.Leo)
 __c30_signature
                  0x00038b          0x6 /opt/microchip/xc16/v1.26/bin/bin/../../lib/liblega-pic30-elf.a(delay32.Leo)
 __c30_signature
                  0x000391          0x6 /opt/microchip/xc16/v1.26/bin/bin/../../lib/libm-elf.a(addsf3.eo)
 __c30_signature
                  0x000397          0x6 /opt/microchip/xc16/v1.26/bin/bin/../../lib/libm-elf.a(divsf3.eo)
 __c30_signature
                  0x00039d          0x6 /opt/microchip/xc16/v1.26/bin/bin/../../lib/libm-elf.a(feqltle.eo)
 __c30_signature
                  0x0003a3          0x6 /opt/microchip/xc16/v1.26/bin/bin/../../lib/libm-elf.a(fgtge.eo)
 __c30_signature
                  0x0003a9          0x6 /opt/microchip/xc16/v1.26/bin/bin/../../lib/libm-elf.a(fixsfsi.eo)
 __c30_signature
                  0x0003af          0x6 /opt/microchip/xc16/v1.26/bin/bin/../../lib/libm-elf.a(floatsisf.eo)
 __c30_signature
                  0x0003b5          0x6 /opt/microchip/xc16/v1.26/bin/bin/../../lib/libm-elf.a(floatunsisf.eo)
 __c30_signature
                  0x0003bb          0x6 /opt/microchip/xc16/v1.26/bin/bin/../../lib/libm-elf.a(fpack.eo)
 __c30_signature
                  0x0003c1          0x6 /opt/microchip/xc16/v1.26/bin/bin/../../lib/libm-elf.a(funpack.eo)
 __c30_signature
                  0x0003c7          0x6 /opt/microchip/xc16/v1.26/bin/bin/../../lib/libm-elf.a(funpack2.eo)
 __c30_signature
                  0x0003cd          0x6 /opt/microchip/xc16/v1.26/bin/bin/../../lib/libm-elf.a(futil.eo)
 __c30_signature
                  0x0003d3          0x6 /opt/microchip/xc16/v1.26/bin/bin/../../lib/libm-elf.a(logf.eo)
 __c30_signature
                  0x0003d9          0x6 /opt/microchip/xc16/v1.26/bin/bin/../../lib/libm-elf.a(mulsf3.eo)
 __c30_signature
                  0x0003df          0x6 /opt/microchip/xc16/v1.26/bin/bin/../../lib/libm-elf.a(_frexpf.eo)
 __c30_signature
                  0x0003e5          0x6 /opt/microchip/xc16/v1.26/bin/bin/../../lib/libm-elf.a(errno.eo)
 __c30_signature
                  0x0003eb          0x6 /opt/microchip/xc16/v1.26/bin/bin/../../lib/libm-elf.a(fcompare.eo)
 __c30_signature
                  0x0003f1          0x6 /opt/microchip/xc16/v1.26/bin/bin/../../lib/libm-elf.a(floatdisf.eo)
 __c30_signature
                  0x0003f7          0x6 /opt/microchip/xc16/v1.26/bin/bin/../../lib/libm-elf.a(floatundisf.eo)
 __c30_signature
                  0x0003fd          0x6 /opt/microchip/xc16/v1.26/bin/bin/../../lib/liblega-c-elf.a(memcpy.XXeo)
 __c30_signature
                  0x000403          0x6 /opt/microchip/xc16/v1.26/bin/bin/../../lib/liblega-c-elf.a(puts.XXeo)
 __c30_signature
                  0x000409          0x6 /opt/microchip/xc16/v1.26/bin/bin/../../lib/liblega-c-elf.a(strcat.XXeo)
 __c30_signature
                  0x00040f          0x6 /opt/microchip/xc16/v1.26/bin/bin/../../lib/liblega-c-elf.a(strlen.XXeo)
 __c30_signature
                  0x000415          0x6 /opt/microchip/xc16/v1.26/bin/bin/../../lib/liblega-c-elf.a(xfiles.XXeo)
 __c30_signature
                  0x00041b          0x6 /opt/microchip/xc16/v1.26/bin/bin/../../lib/liblega-c-elf.a(fputc.XXelo)
 __c30_signature
                  0x000421          0x6 /opt/microchip/xc16/v1.26/bin/bin/../../lib/liblega-c-elf.a(sprintf_cdnopuxX.XXeo)
 __c30_signature
                  0x000427          0x6 /opt/microchip/xc16/v1.26/bin/bin/../../lib/liblega-c-elf.a(printf_cdfFnopsuxX.XXeo)
 __c30_signature
                  0x00042d          0x6 /opt/microchip/xc16/v1.26/bin/bin/../../lib/liblega-c-elf.a(xprintf_cdfFnopsuxX.XXeo)
 __c30_signature
                  0x000433          0x6 /opt/microchip/xc16/v1.26/bin/bin/../../lib/liblega-c-elf.a(xputfld_cdfFnopsuxX.XXeo)
 __c30_signature
                  0x000439          0x6 /opt/microchip/xc16/v1.26/bin/bin/../../lib/liblega-c-elf.a(xldtob_cdfFnopsuxX.XXeo)
 __c30_signature
                  0x00043f          0x6 /opt/microchip/xc16/v1.26/bin/bin/../../lib/liblega-c-elf.a(xgenld_cdfFnopsuxX.XXeo)
 __c30_signature
                  0x000445          0x6 /opt/microchip/xc16/v1.26/bin/bin/../../lib/liblega-c-elf.a(div.XXeo)
 __c30_signature
                  0x00044b          0x6 /opt/microchip/xc16/v1.26/bin/bin/../../lib/liblega-c-elf.a(fflush.XXeo)
 __c30_signature
                  0x000451          0x6 /opt/microchip/xc16/v1.26/bin/bin/../../lib/liblega-c-elf.a(fputs.XXeo)
 __c30_signature
                  0x000457          0x6 /opt/microchip/xc16/v1.26/bin/bin/../../lib/liblega-c-elf.a(fwrite.XXeo)
 __c30_signature
                  0x00045d          0x6 /opt/microchip/xc16/v1.26/bin/bin/../../lib/liblega-c-elf.a(ldiv.XXeo)
 __c30_signature
                  0x000463          0x6 /opt/microchip/xc16/v1.26/bin/bin/../../lib/liblega-c-elf.a(memchr.XXeo)
 __c30_signature
                  0x000469          0x6 /opt/microchip/xc16/v1.26/bin/bin/../../lib/liblega-c-elf.a(strchr.XXeo)
 __c30_signature
                  0x00046f          0x6 /opt/microchip/xc16/v1.26/bin/bin/../../lib/liblega-c-elf.a(strrchr.XXeo)
 __c30_signature
                  0x000475          0x6 /opt/microchip/xc16/v1.26/bin/bin/../../lib/liblega-c-elf.a(xfwprep.XXeo)
 __c30_signature
                  0x00047b          0x6 /opt/microchip/xc16/v1.26/bin/bin/../../lib/liblega-c-elf.a(xldunsca.XXeo)
 __c30_signature
                  0x000481          0x6 /opt/microchip/xc16/v1.26/bin/bin/../../lib/liblega-c-elf.a(xlitob.XXeo)
 __c30_signature
                  0x000487          0x6 /opt/microchip/xc16/v1.26/bin/bin/../../lib/liblega-c-elf.a(xputtxt.XXeo)
 __c30_signature
                  0x00048d          0x6 /opt/microchip/xc16/v1.26/bin/bin/../../lib/liblega-c-elf.a(xvacopy.XXeo)
 __c30_signature
                  0x000493          0x6 /opt/microchip/xc16/v1.26/bin/bin/../../lib/liblega-c-elf.a(fclose.XXelo)
 __c30_signature
                  0x000499          0x6 /opt/microchip/xc16/v1.26/bin/bin/../../lib/liblega-c-elf.a(xatexit.XXelo)
 __c30_signature
                  0x00049f          0x6 /opt/microchip/xc16/v1.26/bin/bin/../../lib/liblega-c-elf.a(xdnorm.XXelo)
 __c30_signature
                  0x0004a5          0x6 /opt/microchip/xc16/v1.26/bin/bin/../../lib/liblega-c-elf.a(free.XXeo)
 __c30_signature
                  0x0004ab          0x6 /opt/microchip/xc16/v1.26/bin/bin/../../lib/liblega-c-elf.a(malloc.XXeo)
 __c30_signature
                  0x0004b1          0x6 /opt/microchip/xc16/v1.26/bin/bin/../../lib/liblega-c-elf.a(xgetmem.XXeo)
 __c30_signature
                  0x0004b7          0x6 /opt/microchip/xc16/v1.26/bin/bin/../../lib/liblega-pic30-elf.a(close.Leo)
 __c30_signature
                  0x0004bd          0x6 /opt/microchip/xc16/v1.26/bin/bin/../../lib/liblega-pic30-elf.a(write.Leo)
 __c30_signature
                  0x0004c3          0x6 /opt/microchip/xc16/v1.26/bin/bin/../../lib/liblega-pic30-elf.a(remove.Leo)
 __c30_signature
                  0x0004c9          0x6 /opt/microchip/xc16/v1.26/bin/bin/../../lib/liblega-pic30-elf.a(sbrk.Leo)
 __c30_signature
                  0x0004cf          0x6 /opt/microchip/xc16/v1.26/bin/bin/../../lib/liblega-pic30-elf.a(brk.Lelo)
 __c30_signature
                  0x0004d5          0x6 /opt/microchip/xc16/v1.26/bin/bin/../../lib/libm-elf.a(deqltle.eo)
 __c30_signature
                  0x0004db          0x6 /opt/microchip/xc16/v1.26/bin/bin/../../lib/libm-elf.a(dgtge.eo)
 __c30_signature
                  0x0004e1          0x6 /opt/microchip/xc16/v1.26/bin/bin/../../lib/libm-elf.a(divdf3.eo)
 __c30_signature
                  0x0004e7          0x6 /opt/microchip/xc16/v1.26/bin/bin/../../lib/libm-elf.a(divsi3.eo)
 __c30_signature
                  0x0004ed          0x6 /opt/microchip/xc16/v1.26/bin/bin/../../lib/libm-elf.a(dpack.eo)
 __c30_signature
                  0x0004f3          0x6 /opt/microchip/xc16/v1.26/bin/bin/../../lib/libm-elf.a(dunpack2.eo)
 __c30_signature
                  0x0004f9          0x6 /opt/microchip/xc16/v1.26/bin/bin/../../lib/libm-elf.a(extendsfdf.eo)
 __c30_signature
                  0x0004ff          0x6 /opt/microchip/xc16/v1.26/bin/bin/../../lib/libm-elf.a(fixdfsi.eo)
 __c30_signature
                  0x000505          0x6 /opt/microchip/xc16/v1.26/bin/bin/../../lib/libm-elf.a(floatsidf.eo)
 __c30_signature
                  0x00050b          0x6 /opt/microchip/xc16/v1.26/bin/bin/../../lib/libm-elf.a(muldf3.eo)
 __c30_signature
                  0x000511          0x6 /opt/microchip/xc16/v1.26/bin/bin/../../lib/libm-elf.a(subdf3.eo)
 __c30_signature
                  0x000517          0x6 /opt/microchip/xc16/v1.26/bin/bin/../../lib/libm-elf.a(udivsi3.eo)
 __c30_signature
                  0x00051d          0x6 /opt/microchip/xc16/v1.26/bin/bin/../../lib/libm-elf.a(umodsi3.eo)
 __c30_signature
                  0x000523          0x6 /opt/microchip/xc16/v1.26/bin/bin/../../lib/libm-elf.a(mulsi3.eo)
 __c30_signature
                  0x000529          0x6 /opt/microchip/xc16/v1.26/bin/bin/../../lib/libm-elf.a(divmoddi3.eo)
 __c30_signature
                  0x00052f          0x6 /opt/microchip/xc16/v1.26/bin/bin/../../lib/libm-elf.a(adddf3.eo)
 __c30_signature
                  0x000535          0x6 /opt/microchip/xc16/v1.26/bin/bin/../../lib/libm-elf.a(dcompare.eo)
 __c30_signature
                  0x00053b          0x6 /opt/microchip/xc16/v1.26/bin/bin/../../lib/libm-elf.a(dpropagateNaN.eo)
 __c30_signature
                  0x000541          0x6 /opt/microchip/xc16/v1.26/bin/bin/../../lib/libm-elf.a(dtype.eo)
 __c30_signature
                  0x000547          0x6 /opt/microchip/xc16/v1.26/bin/bin/../../lib/libm-elf.a(dunpack.eo)
 __c30_signature
                  0x00054d          0x6 /opt/microchip/xc16/v1.26/bin/bin/../../lib/libm-elf.a(floatdidf.eo)
 __c30_signature
                  0x000553          0x6 /opt/microchip/xc16/v1.26/bin/bin/../../lib/libm-elf.a(floatundidf.eo)

.nbss               0x0800        0x192
 .nbss              0x0800        0x192 build/default/production/newmain1222.o
                    0x0800                  _tensao
                    0x0810                  _temp
                    0x0818                  _curr
                    0x081c                  _UMODEvalue
                    0x081e                  _U2STAvalue
                    0x0820                  _str_pos
                    0x0822                  _RXbuffer
                    0x085e                  _check_flag
                    0x0860                  _interrupt_1
                    0x0862                  _interrupt_3
                    0x0864                  _valor
                    0x0866                  _auxi
                    0x087a                  _aux
                    0x088e                  _UART_write
                    0x0890                  _UART_read
                    0x0892                  _UARTbuffer

.ndata              0x0992          0x4
 .ndata             0x0992          0x4 build/default/production/newmain1222.o
                    0x0992                  _temp_ref

.nbss               0x0996          0x2
 .nbss              0x0996          0x2 /opt/microchip/xc16/v1.26/bin/bin/../../lib/libm-elf.a(errno.eo)
                    0x0996                  _errno

.data               0x0998        0x11c
 .data              0x0998         0x88 /opt/microchip/xc16/v1.26/bin/bin/../../lib/liblega-c-elf.a(xfiles.XXeo)
                    0x0998                  __Stdin
                    0x09c0                  __Stdout
                    0x09e8                  __Stderr
                    0x0a10                  __Files
 .data              0x0a20         0x58 /opt/microchip/xc16/v1.26/bin/bin/../../lib/liblega-c-elf.a(xldtob_cdfFnopsuxX.XXeo)
 .data              0x0a78         0x22 /opt/microchip/xc16/v1.26/bin/bin/../../lib/liblega-c-elf.a(xlitob.XXeo)
 .data              0x0a9a         0x1a /opt/microchip/xc16/v1.26/bin/bin/../../lib/liblega-c-elf.a(xprintf_cdfFnopsuxX.XXeo)

.bss                0x0ab4          0x4
 .bss               0x0ab4          0x4 /opt/microchip/xc16/v1.26/bin/bin/../../lib/liblega-c-elf.a(malloc.XXeo)
                    0x0ab4                  __Aldata

.data               0x0ab8          0x4
 .data              0x0ab8          0x2 /opt/microchip/xc16/v1.26/bin/bin/../../lib/liblega-pic30-elf.a(c30_uart.Leo)
                    0x0ab8                  ___C30_UART
 .data              0x0aba          0x2 /opt/microchip/xc16/v1.26/bin/bin/../../lib/liblega-c-elf.a(xgenld_cdfFnopsuxX.XXeo)

.bss                0x0abc          0x2
 .bss               0x0abc          0x2 /opt/microchip/xc16/v1.26/bin/bin/../../lib/liblega-c-elf.a(fclose.XXelo)

.data               0x0abe          0x2
 .data              0x0abe          0x2 /opt/microchip/xc16/v1.26/bin/bin/../../lib/liblega-c-elf.a(malloc.XXeo)
                    0x0abe                  __Size_block

.bss                0x0ac0          0x2
 .bss               0x0ac0          0x2 /opt/microchip/xc16/v1.26/bin/bin/../../lib/liblega-pic30-elf.a(brk.Lelo)
                    0x0ac0                  ___curbrk

.config_MCLRE     0xf80004          0x2
 .config_MCLRE    0xf80004          0x2 build/default/production/newmain1222.o

.config_WDT       0xf80002          0x2
 .config_WDT      0xf80002          0x2 build/default/production/newmain1222.o

.config_FCKSMEN
                  0xf80000          0x2
 .config_FCKSMEN
                  0xf80000          0x2 build/default/production/newmain1222.o

.ivt._U2RXInterrupt
                  0x000044          0x2
 .ivt._U2RXInterrupt
                  0x000044          0x2 build/default/production/newmain1222.o

.ivt._T1Interrupt
                  0x00001a          0x2
 .ivt._T1Interrupt
                  0x00001a          0x2 build/default/production/newmain1222.o

.ivt._T3Interrupt
                  0x000022          0x2
 .ivt._T3Interrupt
                  0x000022          0x2 build/default/production/newmain1222.o

.ivt._U1RXInterrupt
                  0x000026          0x2
 .ivt._U1RXInterrupt
                  0x000026          0x2 build/default/production/newmain1222.o

.const              0xa130        0x148 load address 0x002130  
 .const             0xa130        0x148 build/default/production/newmain1222.o

.text             0x002278        0xa72
 .text            0x002278        0xa72 build/default/production/newmain1222.o
                  0x002278                  _cleanRX
                  0x00229c                  _config_timer1
                  0x0022bc                  _config_timer2
                  0x0022dc                  _init_TMR3
                  0x0022f8                  _config_PWM
                  0x00235a                  _init_UART2
                  0x002384                  _configure_adc
                  0x0023f0                  _configure_adc_channel
                  0x002416                  _read_adc
                  0x00244e                  _descarga_tensao
                  0x002540                  _carga_tensao
                  0x00264c                  _get_temp
                  0x0026e8                  _get_val
                  0x002702                  _get_voltage
                  0x002730                  _get_curr
                  0x00273e                  _bms_voltage
                  0x00275c                  _analise_temp
                  0x0027c4                  _timer1_init
                  0x0027ee                  _UART1_config
                  0x00282a                  _UART_send
                  0x00285c                  _send2BLE
                  0x002994                  _init_BLE
                  0x002a2a                  _controlMosfet
                  0x002a6e                  _main
                  0x002c52                  __U2RXInterrupt
                  0x002c90                  __T1Interrupt
                  0x002cac                  __T3Interrupt
                  0x002cbc                  __U1RXInterrupt

.dinit            0x002cea        0x11c
 .dinit           0x002cea        0x11c data_init

.init.delay32     0x002e06         0x1c
 .init.delay32    0x002e06         0x1c /opt/microchip/xc16/v1.26/bin/bin/../../lib/liblega-pic30-elf.a(delay32.Leo)
                  0x002e06                  ___delay32

.shared.dinit     0x002e22          0x2
 .shared.dinit    0x002e22          0x2 shared_data_init
